---
source: xtask/src/nav.rs
expression: updated
---
{
  "name": "Coral Docs",
  "navigation": {
    "groups": [
      {
        "group": "Get started",
        "pages": [
          "index",
          "getting-started/installation"
        ]
      },
      {
        "group": "Reference",
        "pages": [
          "reference/cli-reference",
          "reference/bundled-sources",
          "reference/community-sources",
          "reference/source-spec-reference"
        ]
      },
      {
        "group": "Project",
        "pages": [
          "project/roadmap",
          "project/changelog"
        ]
      }
    ]
  }
}
